Microchip MPLAB XC8 Compiler V2.36

Linker command line:

-W-3 --edf=C:\Program Files\Microchip\xc8\v2.36\pic\dat\en_msgs.txt -cn \
  -h+dist/free/production\pic18f47q10-cnano-M85RC256V-FRAM-example.X.production.sym \
  --cmf=dist/free/production\pic18f47q10-cnano-M85RC256V-FRAM-example.X.production.cmf \
  -z -Q18F47Q10 -oC:\Users\User\AppData\Local\Temp\xcAs86g.4 \
  --defsym=__MPLAB_BUILD=1 \
  -Mdist/free/production/pic18f47q10-cnano-M85RC256V-FRAM-example.X.production.map \
  --md=C:\Users\User\AppData\Local\Temp\xcAs86g.dat -E1 -ver=XC8 Compiler \
  --acfsm=1493 -AHEAP=0602h-0CFFh -pheap=HEAP -ACODE=00h-01FFFFh \
  -ACONST=00h-01FFFFh -ASMALLCONST=0F00h-0FFFhx497 \
  -AMEDIUMCONST=0F00h-0FFFFh,010F00h-01FFFFh -ACOMRAM=01h-05Fh \
  -AABS1=00h-0CFFh,0E00h-0E1Eh -ABIGRAM=01h-0CFFh,0E00h-0E1Eh \
  -ARAM=060h-0FFh,0100h-01FFhx12,0E00h-0E1Eh -ABANK0=060h-0FFh \
  -ABANK1=0100h-01FFh -ABANK2=0200h-02FFh -ABANK3=0300h-03FFh \
  -ABANK4=0400h-04FFh -ABANK5=0500h-05FFh -ABANK6=0600h-06FFh \
  -ABANK7=0700h-07FFh -ABANK8=0800h-08FFh -ABANK9=0900h-09FFh \
  -ABANK10=0A00h-0AFFh -ABANK11=0B00h-0BFFh -ABANK12=0C00h-0CFFh \
  -ABANK14=0E00h-0E1Eh \
  -ASFR=0D00h-0DFFh,0E1Fh-0EFFh,0F00h-0F5Fh,0F60h-0FFFh \
  -ABIGSFR=0D00h-0DFFh,0E1Fh-0FFFh -ACONFIG=0300000h-030000Bh \
  -AIDLOC=0200000h-02000FFh -AEEDATA=0310000h-03103FFh -peeprom_data=EEDATA \
  -preset_vec=00h,intcode=08h,intcodelo,powerup,init -pramtop=0F00h \
  -psmallconst=SMALLCONST -pmediumconst=MEDIUMCONST -pconst=CONST \
  -AFARRAM=00h-00h \
  -prdata=COMRAM,nvrram=COMRAM,nvbit=COMRAM,rbss=COMRAM,rbit=COMRAM \
  -pfarbss=FARRAM,fardata=FARRAM,nvFARRAM=FARRAM \
  -pintsave_regs=BIGRAM,bigbss=BIGRAM,bigdata=BIGRAM -pbss=RAM \
  -pidata=CODE,irdata=CODE,ibigdata=CODE,ifardata=CODE -prparam=COMRAM \
  C:\Users\User\AppData\Local\Temp\xcAs86g.o \
  dist/free/production\pic18f47q10-cnano-M85RC256V-FRAM-example.X.production.o 

Object code version is 3.11

Machine type is 18F47Q10



                Name                               Link     Load   Length Selector   Space Scale
C:\Users\User\AppData\Local\Temp\xcAs86g.o
                heap                                602      602      6FE      602       7
                idloc                            200000   200000      100        0       5
                config                           300000   300000        C        0       4
                init                                140      140        4        4       0
                reset_vec                             0        0        4        0       0
dist/free/production\pic18f47q10-cnano-M85RC256V-FRAM-example.X.production.o
                intcode                               8        8      138        4       0
                idloc                            200000   200000      100        0       5
                config                           300000   300000        C        0       4
                temp                                 46       46        1        1       1
                smallconst                          F00      F00       74      780       0
                text90                             26D4     26D4       2A      7BA       0
                text89                             2954     2954        6      7BA       0
                text88                             297E     297E        2      7BA       0
                text87                             291C     291C        8      7BA       0
                text86                             1B20     1B20       C6      7BA       0
                text85                             24C2     24C2       44      7BA       0
                text84                             297A     297A        4      7BA       0
                text83                             2976     2976        4      7BA       0
                text82                             2722     2722       24      7BA       0
                text81                             20B8     20B8       84      7BA       0
                text80                             27BC     27BC       1C      7BA       0
                text79                             264E     264E       30      7BA       0
                text78                             261E     261E       30      7BA       0
                text77                             247E     247E       44      7BA       0
                text76                             25EE     25EE       30      7BA       0
                text75                             2972     2972        4      7BA       0
                text74                             296E     296E        4      7BA       0
                text73                             243A     243A       44      7BA       0
                text72                             25BE     25BE       30      7BA       0
                text71                             296A     296A        4      7BA       0
                text70                             294E     294E        6      7BA       0
                text69                             2966     2966        4      7BA       0
                text68                             2948     2948        6      7BA       0
                text67                             2914     2914        8      7BA       0
                text66                             281E     281E       14      7BA       0
                text65                             2942     2942        6      7BA       0
                text64                             213C     213C       7E      7BA       0
                text63                             28BE     28BE        C      7BA       0
                text62                             2842     2842       10      7BA       0
                text61                             2832     2832       10      7BA       0
                text60                             1A58     1A58       C8      7BA       0
                text59                             1D4E     1D4E       A8      7BA       0
                text58                             28B2     28B2        C      7BA       0
                text57                             290C     290C        8      7BA       0
                text56                             2904     2904        8      7BA       0
                text55                             28FC     28FC        8      7BA       0
                text54                             28F4     28F4        8      7BA       0
                text53                             28EC     28EC        8      7BA       0
                text52                             28E4     28E4        8      7BA       0
                text51                             28DC     28DC        8      7BA       0
                text50                             28A6     28A6        C      7BA       0
                text49                             2226     2226       6C      7BA       0
                text48                             293C     293C        6      7BA       0
                text47                             21BA     21BA       6C      7BA       0
                text46                             2936     2936        6      7BA       0
                text44                             2930     2930        6      7BA       0
                text43                             2962     2962        4      7BA       0
                text42                             292A     292A        6      7BA       0
                text41                             267E     267E       2C      7BA       0
                text40                             295E     295E        4      7BA       0
                text39                             2548     2548       40      7BA       0
                text38                             28D4     28D4        8      7BA       0
                text37                             2924     2924        6      7BA       0
                text36                             2746     2746       22      7BA       0
                text35                             2898     2898        E      7BA       0
                text34                             1BE6     1BE6       B6      7BA       0
                text33                             2034     2034       84      7BA       0
                text32                             27A0     27A0       1C      7BA       0
                text31                             26FE     26FE       24      7BA       0
                text30                             2784     2784       1C      7BA       0
                text29                             1F1C     1F1C       8E      7BA       0
                text28                             23A6     23A6       50      7BA       0
                text27                             15AE     15AE      176      7BA       0
                text26                             1C9C     1C9C       B2      7BA       0
                text25                             288A     288A        E      7BA       0
                text24                             287C     287C        E      7BA       0
                text23                             286E     286E        E      7BA       0
                text22                             2860     2860        E      7BA       0
                text21                             2852     2852        E      7BA       0
                text20                             1E8C     1E8C       90      7BA       0
                text19                             280A     280A       14      7BA       0
                text18                             295A     295A        4      7BA       0
                text17                             27F2     27F2       18      7BA       0
                text16                             1FAA     1FAA       8A      7BA       0
                text15                             2768     2768       1C      7BA       0
                text14                             27D8     27D8       1A      7BA       0
                text13                             1424     1424      18A      7BA       0
                text12                             1724     1724      164      7BA       0
                text11                             2506     2506       42      7BA       0
                text10                             22F8     22F8       58      7BA       0
                text9                              28CA     28CA        A      7BA       0
                text8                              1DF6     1DF6       96      7BA       0
                text7                              23F6     23F6       44      7BA       0
                text6                              2588     2588       36      7BA       0
                text5                              1990     1990       C8      7BA       0
                text4                               F74      F74      2E4      7BA       0
                text3                              1258     1258      1CC      7BA       0
                text2                              2292     2292       66      7BA       0
                text1                              26AA     26AA       2A      7BA       0
                text0                              1888     1888      108      7BA       0
                cstackCOMRAM                          1        1       2D        1       1
                cstackBANK0                          AA       AA       47       60       1
                cstackBANK1                         100      100        A      100       1
                cstackBANK4                         400      400      100      400       1
                bssBIGRAM                           500      500      102      500       1
                bssBANK3                            300      300      100      300       1
                bssBANK2                            200      200       20      200       1
                bssBANK0                             60       60       4A       60       1
                bssCOMRAM                            2E       2E       17        1       1
                cinit                              2350     2350       56      7BA       0
                nvBANK0                              F1       F1        F       60       1
                nvCOMRAM                             45       45        1        1       1

TOTAL           Name                               Link     Load   Length     Space
        CLASS   HEAP           
                heap                                602      602      6FE         7

        CLASS   CODE           
                intcode                               8        8      138         0
                init                                140      140        4         0
                reset_vec                             0        0        4         0
                text90                             26D4     26D4       2A         0
                text89                             2954     2954        6         0
                text88                             297E     297E        2         0
                text87                             291C     291C        8         0
                text86                             1B20     1B20       C6         0
                text85                             24C2     24C2       44         0
                text84                             297A     297A        4         0
                text83                             2976     2976        4         0
                text82                             2722     2722       24         0
                text81                             20B8     20B8       84         0
                text80                             27BC     27BC       1C         0
                text79                             264E     264E       30         0
                text78                             261E     261E       30         0
                text77                             247E     247E       44         0
                text76                             25EE     25EE       30         0
                text75                             2972     2972        4         0
                text74                             296E     296E        4         0
                text73                             243A     243A       44         0
                text72                             25BE     25BE       30         0
                text71                             296A     296A        4         0
                text70                             294E     294E        6         0
                text69                             2966     2966        4         0
                text68                             2948     2948        6         0
                text67                             2914     2914        8         0
                text66                             281E     281E       14         0
                text65                             2942     2942        6         0
                text64                             213C     213C       7E         0
                text63                             28BE     28BE        C         0
                text62                             2842     2842       10         0
                text61                             2832     2832       10         0
                text60                             1A58     1A58       C8         0
                text59                             1D4E     1D4E       A8         0
                text58                             28B2     28B2        C         0
                text57                             290C     290C        8         0
                text56                             2904     2904        8         0
                text55                             28FC     28FC        8         0
                text54                             28F4     28F4        8         0
                text53                             28EC     28EC        8         0
                text52                             28E4     28E4        8         0
                text51                             28DC     28DC        8         0
                text50                             28A6     28A6        C         0
                text49                             2226     2226       6C         0
                text48                             293C     293C        6         0
                text47                             21BA     21BA       6C         0
                text46                             2936     2936        6         0
                text44                             2930     2930        6         0
                text43                             2962     2962        4         0
                text42                             292A     292A        6         0
                text41                             267E     267E       2C         0
                text40                             295E     295E        4         0
                text39                             2548     2548       40         0
                text38                             28D4     28D4        8         0
                text37                             2924     2924        6         0
                text36                             2746     2746       22         0
                text35                             2898     2898        E         0
                text34                             1BE6     1BE6       B6         0
                text33                             2034     2034       84         0
                text32                             27A0     27A0       1C         0
                text31                             26FE     26FE       24         0
                text30                             2784     2784       1C         0
                text29                             1F1C     1F1C       8E         0
                text28                             23A6     23A6       50         0
                text27                             15AE     15AE      176         0
                text26                             1C9C     1C9C       B2         0
                text25                             288A     288A        E         0
                text24                             287C     287C        E         0
                text23                             286E     286E        E         0
                text22                             2860     2860        E         0
                text21                             2852     2852        E         0
                text20                             1E8C     1E8C       90         0
                text19                             280A     280A       14         0
                text18                             295A     295A        4         0
                text17                             27F2     27F2       18         0
                text16                             1FAA     1FAA       8A         0
                text15                             2768     2768       1C         0
                text14                             27D8     27D8       1A         0
                text13                             1424     1424      18A         0
                text12                             1724     1724      164         0
                text11                             2506     2506       42         0
                text10                             22F8     22F8       58         0
                text9                              28CA     28CA        A         0
                text8                              1DF6     1DF6       96         0
                text7                              23F6     23F6       44         0
                text6                              2588     2588       36         0
                text5                              1990     1990       C8         0
                text4                               F74      F74      2E4         0
                text3                              1258     1258      1CC         0
                text2                              2292     2292       66         0
                text1                              26AA     26AA       2A         0
                text0                              1888     1888      108         0
                cinit                              2350     2350       56         0

        CLASS   CONST          

        CLASS   SMALLCONST     
                smallconst                          F00      F00       74         0

        CLASS   MEDIUMCONST    

        CLASS   COMRAM         
                temp                                 46       46        1         1
                cstackCOMRAM                          1        1       2D         1
                bssCOMRAM                            2E       2E       17         1
                nvCOMRAM                             45       45        1         1

        CLASS   ABS1           

        CLASS   BIGRAM         
                bssBIGRAM                           500      500      102         1

        CLASS   RAM            

        CLASS   BANK0          
                cstackBANK0                          AA       AA       47         1
                bssBANK0                             60       60       4A         1
                nvBANK0                              F1       F1        F         1

        CLASS   BANK1          
                cstackBANK1                         100      100        A         1

        CLASS   BANK2          
                bssBANK2                            200      200       20         1

        CLASS   BANK3          
                bssBANK3                            300      300      100         1

        CLASS   BANK4          
                cstackBANK4                         400      400      100         1

        CLASS   BANK5          

        CLASS   BANK6          

        CLASS   BANK7          

        CLASS   BANK8          

        CLASS   BANK9          

        CLASS   BANK10         

        CLASS   BANK11         

        CLASS   BANK12         

        CLASS   BANK14         

        CLASS   SFR            

        CLASS   BIGSFR         

        CLASS   CONFIG         
                config                           300000   300000        C         4

        CLASS   IDLOC          
                idloc                            200000   200000      100         5

        CLASS   EEDATA         

        CLASS   FARRAM         

        CLASS   STACK          



SEGMENTS        Name                           Load    Length   Top    Selector   Space  Class

                reset_vec                      000000  000004  000004         0       0  CODE    
                cstackCOMRAM                   000001  000046  000047         1       1  COMRAM  
                intcode                        000008  00013C  000144         4       0  CODE    
                bssBANK0                       000060  0000A0  000100        60       1  BANK0   
                cstackBANK1                    000100  00000A  00010A       100       1  BANK1   
                bssBANK2                       000200  000020  000220       200       1  BANK2   
                bssBANK3                       000300  000100  000400       300       1  BANK3   
                cstackBANK4                    000400  000100  000500       400       1  BANK4   
                bssBIGRAM                      000500  000102  000602       500       1  BIGRAM  
                heap                           000602  0006FE  000D00       602       7  HEAP    
                smallconst                     000F00  000074  000F74       780       0  SMALLCON
                text4                          000F74  001A0C  002980       7BA       0  CODE    


UNUSED ADDRESS RANGES

        Name                Unused          Largest block    Delta
        BANK1            00010A-0001FF               F6
        BANK10           000A00-000AFF              100
        BANK11           000B00-000BFF              100
        BANK12           000C00-000CFF              100
        BANK14           000E00-000E1E               1F
        BANK2            000220-0002FF               E0
        BANK6            000602-0006FF               FE
        BANK7            000700-0007FF              100
        BANK8            000800-0008FF              100
        BANK9            000900-0009FF              100
        BIGRAM           000047-00005F               19
                         00010A-0001FF               F6
                         000220-0002FF               E0
                         000602-000CFF              6FE
                         000E00-000E1E               1F
        BIGSFR           000D00-000DFF              100
                         000E1F-000FFF              1E1
        CODE             000004-000007                4
                         000144-000EFF              DBC
                         002980-01FFFF            1D680
        COMRAM           000047-00005F               19
        CONST            000004-000007                4
                         000144-000EFF              DBC
                         002980-01FFFF            1D680
        EEDATA           310000-3103FF              400
        MEDIUMCONST      002980-00FFFF             D680
                         010F00-01FFFF             F100
        RAM              00010A-0001FF               F6
                         000220-0002FF               E0
                         000602-000CFF              100
                         000E00-000E1E               1F
        SFR              000D00-000DFF              100
                         000E1F-000FFF               E1
        SMALLCONST       002980-01FFFF              100

                                  Symbol Table

?___aodiv                                         cstackCOMRAM 00001A
?___aomod                                         cstackCOMRAM 00001A
?_abs                                             cstackCOMRAM 00002C
?_dtoa                                            cstackBANK0  0000B4
?_pad                                             cstackBANK0  0000AA
?_printf                                          cstackBANK1  000100
?_strlen                                          cstackCOMRAM 00001A
?_vfpfcnvrt                                       cstackBANK0  0000D8
?_vfprintf                                        cstackBANK0  0000E8
EUSART2_SetErrorHandler@interruptHandler          cstackCOMRAM 00001A
EUSART2_SetFramingErrorHandler@interruptHandler   cstackCOMRAM 00001A
EUSART2_SetOverrunErrorHandler@interruptHandler   cstackCOMRAM 00001A
EUSART2_SetRxInterruptHandler@interruptHandler    cstackCOMRAM 00001A
EUSART2_SetTxInterruptHandler@interruptHandler    cstackCOMRAM 00001A
EUSART2_Write@txData                              cstackCOMRAM 00001A
FRAM_ReadNBytes@bufferBlock                       cstackBANK0  0000AC
FRAM_ReadNBytes@msgHdr                            cstackBANK0  0000AA
FRAM_ReadNBytes@numBytes                          cstackCOMRAM 000029
FRAM_ReadNBytes@receiveBuffer                     cstackCOMRAM 000027
FRAM_ReadNBytes@startAddr                         cstackCOMRAM 000025
FRAM_WriteNBytes@data                             cstackCOMRAM 000028
FRAM_WriteNBytes@len                              cstackCOMRAM 00002A
FRAM_WriteNBytes@startAddr                        cstackCOMRAM 000026
I2C1_Close@returnValue                            cstackCOMRAM 00001A
I2C1_MasterOperation@read                         cstackCOMRAM 00001A
I2C1_MasterOperation@returnValue                  cstackCOMRAM 00001B
I2C1_MasterSendTxData@data                        cstackCOMRAM 000001
I2C1_Open@address                                 cstackCOMRAM 00001D
I2C1_Open@returnValue                             cstackCOMRAM 00001E
I2C1_SetAddressNackCallback@cb                    cstackCOMRAM 000020
I2C1_SetAddressNackCallback@ptr                   cstackCOMRAM 000023
I2C1_SetBuffer@buffer                             cstackCOMRAM 00001A
I2C1_SetBuffer@bufferSize                         cstackCOMRAM 00001C
I2C1_SetCallback@cb                               cstackCOMRAM 00001A
I2C1_SetCallback@idx                              cstackCOMRAM 00001F
I2C1_SetCallback@ptr                              cstackCOMRAM 00001D
I2C1_SetDataCompleteCallback@cb                   cstackCOMRAM 000020
I2C1_SetDataCompleteCallback@ptr                  cstackCOMRAM 000023
I2C1_SetInterruptHandler@InterruptHandler         cstackCOMRAM 00001A
_ANSELA                                           (abs)        000F0C
_ANSELB                                           (abs)        000F14
_ANSELC                                           (abs)        000F1C
_ANSELD                                           (abs)        000F21
_ANSELE                                           (abs)        000F29
_BAUD2CON                                         (abs)        000E9A
_EUSART2_DefaultErrorHandler                      text89       002954
_EUSART2_DefaultFramingErrorHandler               text88       00297E
_EUSART2_DefaultOverrunErrorHandler               text87       00291C
_EUSART2_ErrorHandler                             nvBANK0      0000F1
_EUSART2_FramingErrorHandler                      nvBANK0      0000F7
_EUSART2_Initialize                               text20       001E8C
_EUSART2_OverrunErrorHandler                      nvBANK0      0000F4
_EUSART2_Read                                     (abs)        000000
_EUSART2_Receive_ISR                              text86       001B20
_EUSART2_RxDataHandler                            text90       0026D4
_EUSART2_RxDefaultInterruptHandler                nvBANK0      0000FA
_EUSART2_SetErrorHandler                          text25       00288A
_EUSART2_SetFramingErrorHandler                   text24       00287C
_EUSART2_SetOverrunErrorHandler                   text23       00286E
_EUSART2_SetRxInterruptHandler                    text22       002860
_EUSART2_SetTxInterruptHandler                    text21       002852
_EUSART2_Transmit_ISR                             text85       0024C2
_EUSART2_TxDefaultInterruptHandler                nvBANK0      0000FD
_EUSART2_Write                                    text10       0022F8
_EUSART2_is_rx_ready                              (abs)        000000
_EUSART2_is_tx_done                               (abs)        000000
_EUSART2_is_tx_ready                              (abs)        000000
_FRAM_ReadNBytes                                  text29       001F1C
_FRAM_WriteNBytes                                 text26       001C9C
_I2C1_CallbackReturnReset                         text74       00296E
_I2C1_CallbackReturnStop                          text75       002972
_I2C1_Close                                       text41       00267E
_I2C1_DO_ADDRESS_NACK                             text49       002226
_I2C1_DO_IDLE                                     text63       0028BE
_I2C1_DO_RCEN                                     text58       0028B2
_I2C1_DO_RESET                                    text50       0028A6
_I2C1_DO_RX                                       text59       001D4E
_I2C1_DO_RX_ACK                                   text53       0028EC
_I2C1_DO_RX_NACK_RESTART                          text51       0028DC
_I2C1_DO_RX_NACK_STOP                             text52       0028E4
_I2C1_DO_SEND_ADR_READ                            text62       002842
_I2C1_DO_SEND_ADR_WRITE                           text61       002832
_I2C1_DO_SEND_RESTART                             text55       0028FC
_I2C1_DO_SEND_RESTART_READ                        text57       00290C
_I2C1_DO_SEND_RESTART_WRITE                       text56       002904
_I2C1_DO_SEND_STOP                                text54       0028F4
_I2C1_DO_TX                                       text60       001A58
_I2C1_DO_TX_EMPTY                                 text64       00213C
_I2C1_Initialize                                  text19       00280A
_I2C1_MasterClearIrq                              text44       002930
_I2C1_MasterClose                                 text43       002962
_I2C1_MasterDisableIrq                            text42       00292A
_I2C1_MasterEnableIrq                             text37       002924
_I2C1_MasterEnableRestart                         text84       00297A
_I2C1_MasterFsm                                   text47       0021BA
_I2C1_MasterGetRxData                             text69       002966
_I2C1_MasterIsNack                                text66       00281E
_I2C1_MasterIsr                                   text46       002936
_I2C1_MasterOpen                                  text36       002746
_I2C1_MasterOperation                             text39       002548
_I2C1_MasterSendAck                               text68       002948
_I2C1_MasterSendNack                              text70       00294E
_I2C1_MasterSendTxData                            text67       002914
_I2C1_MasterSetIrq                                text65       002942
_I2C1_MasterStart                                 text40       00295E
_I2C1_MasterStartRx                               text71       00296A
_I2C1_MasterStop                                  text83       002976
_I2C1_MasterWrite                                 text38       0028D4
_I2C1_Open                                        text34       001BE6
_I2C1_SetAddressNackCallback                      text32       0027A0
_I2C1_SetBuffer                                   text31       0026FE
_I2C1_SetCallback                                 text33       002034
_I2C1_SetDataCompleteCallback                     text30       002784
_I2C1_SetInterruptHandler                         text35       002898
_I2C1_Status                                      bssBANK0     000060
_INLVLA                                           (abs)        000F08
_INLVLB                                           (abs)        000F10
_INLVLC                                           (abs)        000F18
_INLVLD                                           (abs)        000F1D
_INLVLE                                           (abs)        000F25
_INTCONbits                                       (abs)        000FF2
_INTERRUPT_Initialize                             text18       00295A
_INTERRUPT_InterruptManager                       intcode      000008
_LATA                                             (abs)        000F82
_LATB                                             (abs)        000F83
_LATC                                             (abs)        000F84
_LATD                                             (abs)        000F85
_LATE                                             (abs)        000F86
_MSSP1_InterruptHandler                           bssCOMRAM    00002E
_ODCONA                                           (abs)        000F0A
_ODCONB                                           (abs)        000F12
_ODCONC                                           (abs)        000F1A
_ODCOND                                           (abs)        000F1F
_ODCONE                                           (abs)        000F27
_OSCCON1                                          (abs)        000ED3
_OSCCON3                                          (abs)        000ED5
_OSCEN                                            (abs)        000ED7
_OSCFRQ                                           (abs)        000ED9
_OSCILLATOR_Initialize                            text17       0027F2
_OSCTUNE                                          (abs)        000ED8
_PIE3bits                                         (abs)        000EC0
_PIN_MANAGER_Initialize                           text16       001FAA
_PIR3bits                                         (abs)        000EC8
_PMD0                                             (abs)        000EDC
_PMD1                                             (abs)        000EDD
_PMD2                                             (abs)        000EDE
_PMD3                                             (abs)        000EDF
_PMD4                                             (abs)        000EE0
_PMD5                                             (abs)        000EE1
_PMD_Initialize                                   text15       002768
_RC2REG                                           (abs)        000E94
_RC2STA                                           (abs)        000E98
_RC2STAbits                                       (abs)        000E98
_RC3PPS                                           (abs)        000EF5
_RC4PPS                                           (abs)        000EF6
_RD0PPS                                           (abs)        000EFA
_SLRCONA                                          (abs)        000F09
_SLRCONB                                          (abs)        000F11
_SLRCONC                                          (abs)        000F19
_SLRCOND                                          (abs)        000F1E
_SLRCONE                                          (abs)        000F26
_SP2BRGH                                          (abs)        000E97
_SP2BRGL                                          (abs)        000E96
_SSP1ADD                                          (abs)        000F92
_SSP1BUF                                          (abs)        000F91
_SSP1CLKPPS                                       (abs)        000EB2
_SSP1CON1                                         (abs)        000F95
_SSP1CON1bits                                     (abs)        000F95
_SSP1CON2                                         (abs)        000F96
_SSP1CON2bits                                     (abs)        000F96
_SSP1DATPPS                                       (abs)        000EB3
_SSP1STAT                                         (abs)        000F94
_SSP1STATbits                                     (abs)        000F94
_SYSTEM_Initialize                                text14       0027D8
_TRISA                                            (abs)        000F87
_TRISB                                            (abs)        000F88
_TRISC                                            (abs)        000F89
_TRISD                                            (abs)        000F8A
_TRISE                                            (abs)        000F8B
_TX2REG                                           (abs)        000E95
_TX2STA                                           (abs)        000E99
_TX2STAbits                                       (abs)        000E99
_WPUA                                             (abs)        000F0B
_WPUB                                             (abs)        000F13
_WPUC                                             (abs)        000F1B
_WPUD                                             (abs)        000F20
_WPUE                                             (abs)        000F28
__HRAM                                            (abs)        000000
__Habs1                                           abs1         000000
__Hbank0                                          bank0        000000
__Hbank1                                          bank1        000000
__Hbank10                                         bank10       000000
__Hbank11                                         bank11       000000
__Hbank12                                         bank12       000000
__Hbank14                                         bank14       000000
__Hbank2                                          bank2        000000
__Hbank3                                          bank3        000000
__Hbank4                                          bank4        000000
__Hbank5                                          bank5        000000
__Hbank6                                          bank6        000000
__Hbank7                                          bank7        000000
__Hbank8                                          bank8        000000
__Hbank9                                          bank9        000000
__Hbigbss                                         bigbss       000000
__Hbigdata                                        bigdata      000000
__Hbigram                                         bigram       000000
__Hbigsfr                                         bigsfr       000000
__Hbss                                            bss          000000
__HbssBANK0                                       bssBANK0     000000
__HbssBANK2                                       bssBANK2     000000
__HbssBANK3                                       bssBANK3     000000
__HbssBIGRAM                                      bssBIGRAM    000000
__HbssCOMRAM                                      bssCOMRAM    000000
__Hcinit                                          cinit        000000
__Hclrtext                                        clrtext      000000
__Hcomram                                         comram       000000
__Hconfig                                         config       30000C
__Hconst                                          const        000000
__HcstackBANK0                                    cstackBANK0  000000
__HcstackBANK1                                    cstackBANK1  000000
__HcstackBANK4                                    cstackBANK4  000000
__HcstackCOMRAM                                   cstackCOMRAM 000000
__Hdata                                           data         000000
__Heeprom_data                                    eeprom_data  000000
__Hfarbss                                         farbss       000000
__Hfardata                                        fardata      000000
__Hheap                                           heap         000D00
__Hibigdata                                       ibigdata     000000
__Hidata                                          idata        000000
__Hidloc                                          idloc        200100
__Hifardata                                       ifardata     000000
__Hinit                                           init         000144
__Hintcode                                        intcode      000140
__Hintcode_body                                   intcode_body 000000
__Hintcodelo                                      intcodelo    000140
__Hintentry                                       intentry     000000
__Hintret                                         intret       000000
__Hintsave_regs                                   intsave_regs 000000
__Hirdata                                         irdata       000000
__Hmediumconst                                    mediumconst  000000
__HnvBANK0                                        nvBANK0      000000
__HnvCOMRAM                                       nvCOMRAM     000000
__HnvFARRAM                                       nvFARRAM     000000
__Hnvbit                                          nvbit        000000
__Hnvrram                                         nvrram       000000
__Hparam                                          rparam       000000
__Hpowerup                                        powerup      000140
__Hram                                            ram          000000
__Hramtop                                         ramtop       000F00
__Hrbit                                           rbit         000000
__Hrbss                                           rbss         000000
__Hrdata                                          rdata        000000
__Hreset_vec                                      reset_vec    000004
__Hrparam                                         rparam       000000
__Hsfr                                            sfr          000000
__Hsmallconst                                     smallconst   000F74
__Hspace_0                                        (abs)        002980
__Hspace_1                                        (abs)        000602
__Hspace_2                                        (abs)        000000
__Hspace_4                                        (abs)        60000C
__Hstack                                          stack        000000
__Hstruct                                         struct       000000
__Htemp                                           temp         000047
__Htext                                           text         000000
__Htext0                                          text0        000000
__Htext1                                          text1        000000
__Htext10                                         text10       000000
__Htext11                                         text11       000000
__Htext12                                         text12       000000
__Htext13                                         text13       000000
__Htext14                                         text14       000000
__Htext15                                         text15       000000
__Htext16                                         text16       000000
__Htext17                                         text17       000000
__Htext18                                         text18       000000
__Htext19                                         text19       000000
__Htext2                                          text2        000000
__Htext20                                         text20       000000
__Htext21                                         text21       000000
__Htext22                                         text22       000000
__Htext23                                         text23       000000
__Htext24                                         text24       000000
__Htext25                                         text25       000000
__Htext26                                         text26       000000
__Htext27                                         text27       000000
__Htext28                                         text28       000000
__Htext29                                         text29       000000
__Htext3                                          text3        000000
__Htext30                                         text30       000000
__Htext31                                         text31       000000
__Htext32                                         text32       000000
__Htext33                                         text33       000000
__Htext34                                         text34       000000
__Htext35                                         text35       000000
__Htext36                                         text36       000000
__Htext37                                         text37       000000
__Htext38                                         text38       000000
__Htext39                                         text39       000000
__Htext4                                          text4        000000
__Htext40                                         text40       000000
__Htext41                                         text41       000000
__Htext42                                         text42       000000
__Htext43                                         text43       000000
__Htext44                                         text44       000000
__Htext46                                         text46       000000
__Htext47                                         text47       000000
__Htext48                                         text48       000000
__Htext49                                         text49       000000
__Htext5                                          text5        000000
__Htext50                                         text50       000000
__Htext51                                         text51       000000
__Htext52                                         text52       000000
__Htext53                                         text53       000000
__Htext54                                         text54       000000
__Htext55                                         text55       000000
__Htext56                                         text56       000000
__Htext57                                         text57       000000
__Htext58                                         text58       000000
__Htext59                                         text59       000000
__Htext6                                          text6        000000
__Htext60                                         text60       000000
__Htext61                                         text61       000000
__Htext62                                         text62       000000
__Htext63                                         text63       000000
__Htext64                                         text64       000000
__Htext65                                         text65       000000
__Htext66                                         text66       000000
__Htext67                                         text67       000000
__Htext68                                         text68       000000
__Htext69                                         text69       000000
__Htext7                                          text7        000000
__Htext70                                         text70       000000
__Htext71                                         text71       000000
__Htext72                                         text72       000000
__Htext73                                         text73       000000
__Htext74                                         text74       000000
__Htext75                                         text75       000000
__Htext76                                         text76       000000
__Htext77                                         text77       000000
__Htext78                                         text78       000000
__Htext79                                         text79       000000
__Htext8                                          text8        000000
__Htext80                                         text80       000000
__Htext81                                         text81       000000
__Htext82                                         text82       000000
__Htext83                                         text83       000000
__Htext84                                         text84       000000
__Htext85                                         text85       000000
__Htext86                                         text86       000000
__Htext87                                         text87       000000
__Htext88                                         text88       000000
__Htext89                                         text89       000000
__Htext9                                          text9        000000
__Htext90                                         text90       000000
__Htext91                                         text91       000000
__LRAM                                            (abs)        000001
__Labs1                                           abs1         000000
__Lbank0                                          bank0        000000
__Lbank1                                          bank1        000000
__Lbank10                                         bank10       000000
__Lbank11                                         bank11       000000
__Lbank12                                         bank12       000000
__Lbank14                                         bank14       000000
__Lbank2                                          bank2        000000
__Lbank3                                          bank3        000000
__Lbank4                                          bank4        000000
__Lbank5                                          bank5        000000
__Lbank6                                          bank6        000000
__Lbank7                                          bank7        000000
__Lbank8                                          bank8        000000
__Lbank9                                          bank9        000000
__Lbigbss                                         bigbss       000000
__Lbigdata                                        bigdata      000000
__Lbigram                                         bigram       000000
__Lbigsfr                                         bigsfr       000000
__Lbss                                            bss          000000
__LbssBANK0                                       bssBANK0     000000
__LbssBANK2                                       bssBANK2     000000
__LbssBANK3                                       bssBANK3     000000
__LbssBIGRAM                                      bssBIGRAM    000000
__LbssCOMRAM                                      bssCOMRAM    000000
__Lcinit                                          cinit        000000
__Lclrtext                                        clrtext      000000
__Lcomram                                         comram       000000
__Lconfig                                         config       000000
__Lconst                                          const        000000
__LcstackBANK0                                    cstackBANK0  000000
__LcstackBANK1                                    cstackBANK1  000000
__LcstackBANK4                                    cstackBANK4  000000
__LcstackCOMRAM                                   cstackCOMRAM 000000
__Ldata                                           data         000000
__Leeprom_data                                    eeprom_data  000000
__Lfarbss                                         farbss       000000
__Lfardata                                        fardata      000000
__Lheap                                           heap         000602
__Libigdata                                       ibigdata     000000
__Lidata                                          idata        000000
__Lidloc                                          idloc        000000
__Lifardata                                       ifardata     000000
__Linit                                           init         000140
__Lintcode                                        intcode      000008
__Lintcode_body                                   intcode_body 000000
__Lintcodelo                                      intcodelo    000140
__Lintentry                                       intentry     000000
__Lintret                                         intret       000000
__Lintsave_regs                                   intsave_regs 000000
__Lirdata                                         irdata       000000
__Lmediumconst                                    mediumconst  000000
__LnvBANK0                                        nvBANK0      000000
__LnvCOMRAM                                       nvCOMRAM     000000
__LnvFARRAM                                       nvFARRAM     000000
__Lnvbit                                          nvbit        000000
__Lnvrram                                         nvrram       000000
__Lparam                                          rparam       000000
__Lpowerup                                        powerup      000140
__Lram                                            ram          000000
__Lramtop                                         ramtop       000F00
__Lrbit                                           rbit         000000
__Lrbss                                           rbss         000000
__Lrdata                                          rdata        000000
__Lreset_vec                                      reset_vec    000000
__Lrparam                                         rparam       000000
__Lsfr                                            sfr          000000
__Lsmallconst                                     smallconst   000F00
__Lspace_0                                        (abs)        000000
__Lspace_1                                        (abs)        000000
__Lspace_2                                        (abs)        000000
__Lspace_4                                        (abs)        000000
__Lstack                                          stack        000000
__Lstruct                                         struct       000000
__Ltemp                                           temp         000046
__Ltext                                           text         000000
__Ltext0                                          text0        000000
__Ltext1                                          text1        000000
__Ltext10                                         text10       000000
__Ltext11                                         text11       000000
__Ltext12                                         text12       000000
__Ltext13                                         text13       000000
__Ltext14                                         text14       000000
__Ltext15                                         text15       000000
__Ltext16                                         text16       000000
__Ltext17                                         text17       000000
__Ltext18                                         text18       000000
__Ltext19                                         text19       000000
__Ltext2                                          text2        000000
__Ltext20                                         text20       000000
__Ltext21                                         text21       000000
__Ltext22                                         text22       000000
__Ltext23                                         text23       000000
__Ltext24                                         text24       000000
__Ltext25                                         text25       000000
__Ltext26                                         text26       000000
__Ltext27                                         text27       000000
__Ltext28                                         text28       000000
__Ltext29                                         text29       000000
__Ltext3                                          text3        000000
__Ltext30                                         text30       000000
__Ltext31                                         text31       000000
__Ltext32                                         text32       000000
__Ltext33                                         text33       000000
__Ltext34                                         text34       000000
__Ltext35                                         text35       000000
__Ltext36                                         text36       000000
__Ltext37                                         text37       000000
__Ltext38                                         text38       000000
__Ltext39                                         text39       000000
__Ltext4                                          text4        000000
__Ltext40                                         text40       000000
__Ltext41                                         text41       000000
__Ltext42                                         text42       000000
__Ltext43                                         text43       000000
__Ltext44                                         text44       000000
__Ltext46                                         text46       000000
__Ltext47                                         text47       000000
__Ltext48                                         text48       000000
__Ltext49                                         text49       000000
__Ltext5                                          text5        000000
__Ltext50                                         text50       000000
__Ltext51                                         text51       000000
__Ltext52                                         text52       000000
__Ltext53                                         text53       000000
__Ltext54                                         text54       000000
__Ltext55                                         text55       000000
__Ltext56                                         text56       000000
__Ltext57                                         text57       000000
__Ltext58                                         text58       000000
__Ltext59                                         text59       000000
__Ltext6                                          text6        000000
__Ltext60                                         text60       000000
__Ltext61                                         text61       000000
__Ltext62                                         text62       000000
__Ltext63                                         text63       000000
__Ltext64                                         text64       000000
__Ltext65                                         text65       000000
__Ltext66                                         text66       000000
__Ltext67                                         text67       000000
__Ltext68                                         text68       000000
__Ltext69                                         text69       000000
__Ltext7                                          text7        000000
__Ltext70                                         text70       000000
__Ltext71                                         text71       000000
__Ltext72                                         text72       000000
__Ltext73                                         text73       000000
__Ltext74                                         text74       000000
__Ltext75                                         text75       000000
__Ltext76                                         text76       000000
__Ltext77                                         text77       000000
__Ltext78                                         text78       000000
__Ltext79                                         text79       000000
__Ltext8                                          text8        000000
__Ltext80                                         text80       000000
__Ltext81                                         text81       000000
__Ltext82                                         text82       000000
__Ltext83                                         text83       000000
__Ltext84                                         text84       000000
__Ltext85                                         text85       000000
__Ltext86                                         text86       000000
__Ltext87                                         text87       000000
__Ltext88                                         text88       000000
__Ltext89                                         text89       000000
__Ltext9                                          text9        000000
__Ltext90                                         text90       000000
__Ltext91                                         text91       000000
__S0                                              (abs)        002980
__S1                                              (abs)        000602
__S4                                              (abs)        000000
__S5                                              (abs)        000000
__S7                                              (abs)        000D00
___aodiv                                          text13       001424
___aodiv@counter                                  cstackBANK0  0000AA
___aodiv@dividend                                 cstackCOMRAM 00001A
___aodiv@divisor                                  cstackCOMRAM 000022
___aodiv@quotient                                 cstackBANK0  0000AC
___aodiv@sign                                     cstackBANK0  0000AB
___aomod                                          text12       001724
___aomod@counter                                  cstackCOMRAM 00002A
___aomod@dividend                                 cstackCOMRAM 00001A
___aomod@divisor                                  cstackCOMRAM 000022
___aomod@sign                                     cstackCOMRAM 00002B
___freelist                                       bssBANK0     0000A8
___heap_hi                                        heap         000D00
___heap_lo                                        heap         000602
___inthi_sp                                       stack        000000
___intlo_sp                                       stack        000000
___param_bank                                     (abs)        000000
___rparam_used                                    (abs)        000001
___sp                                             stack        000000
__accesstop                                       (abs)        000060
__activetblptr                                    (abs)        000003
__end_of_EUSART2_DefaultErrorHandler              text89       00295A
__end_of_EUSART2_DefaultFramingErrorHandler       text88       002980
__end_of_EUSART2_DefaultOverrunErrorHandler       text87       002924
__end_of_EUSART2_Initialize                       text20       001F1C
__end_of_EUSART2_Receive_ISR                      text86       001BE6
__end_of_EUSART2_RxDataHandler                    text90       0026FE
__end_of_EUSART2_SetErrorHandler                  text25       002898
__end_of_EUSART2_SetFramingErrorHandler           text24       00288A
__end_of_EUSART2_SetOverrunErrorHandler           text23       00287C
__end_of_EUSART2_SetRxInterruptHandler            text22       00286E
__end_of_EUSART2_SetTxInterruptHandler            text21       002860
__end_of_EUSART2_Transmit_ISR                     text85       002506
__end_of_EUSART2_Write                            text10       002350
__end_of_FRAM_ADDRESS                             smallconst   000F51
__end_of_FRAM_ReadNBytes                          text29       001FAA
__end_of_FRAM_WriteNBytes                         text26       001D4E
__end_of_I2C1_CallbackReturnReset                 text74       002972
__end_of_I2C1_CallbackReturnStop                  text75       002976
__end_of_I2C1_Close                               text41       0026AA
__end_of_I2C1_DO_ADDRESS_NACK                     text49       002292
__end_of_I2C1_DO_IDLE                             text63       0028CA
__end_of_I2C1_DO_RCEN                             text58       0028BE
__end_of_I2C1_DO_RESET                            text50       0028B2
__end_of_I2C1_DO_RX                               text59       001DF6
__end_of_I2C1_DO_RX_ACK                           text53       0028F4
__end_of_I2C1_DO_RX_NACK_RESTART                  text51       0028E4
__end_of_I2C1_DO_RX_NACK_STOP                     text52       0028EC
__end_of_I2C1_DO_SEND_ADR_READ                    text62       002852
__end_of_I2C1_DO_SEND_ADR_WRITE                   text61       002842
__end_of_I2C1_DO_SEND_RESTART                     text55       002904
__end_of_I2C1_DO_SEND_RESTART_READ                text57       002914
__end_of_I2C1_DO_SEND_RESTART_WRITE               text56       00290C
__end_of_I2C1_DO_SEND_STOP                        text54       0028FC
__end_of_I2C1_DO_TX                               text60       001B20
__end_of_I2C1_DO_TX_EMPTY                         text64       0021BA
__end_of_I2C1_Initialize                          text19       00281E
__end_of_I2C1_MasterClearIrq                      text44       002936
__end_of_I2C1_MasterClose                         text43       002966
__end_of_I2C1_MasterDisableIrq                    text42       002930
__end_of_I2C1_MasterEnableIrq                     text37       00292A
__end_of_I2C1_MasterEnableRestart                 text84       00297E
__end_of_I2C1_MasterFsm                           text47       002226
__end_of_I2C1_MasterGetRxData                     text69       00296A
__end_of_I2C1_MasterIsNack                        text66       002832
__end_of_I2C1_MasterIsr                           text46       00293C
__end_of_I2C1_MasterOpen                          text36       002768
__end_of_I2C1_MasterOperation                     text39       002588
__end_of_I2C1_MasterSendAck                       text68       00294E
__end_of_I2C1_MasterSendNack                      text70       002954
__end_of_I2C1_MasterSendTxData                    text67       00291C
__end_of_I2C1_MasterSetIrq                        text65       002948
__end_of_I2C1_MasterStart                         text40       002962
__end_of_I2C1_MasterStartRx                       text71       00296E
__end_of_I2C1_MasterStop                          text83       00297A
__end_of_I2C1_MasterWrite                         text38       0028DC
__end_of_I2C1_Open                                text34       001C9C
__end_of_I2C1_SetAddressNackCallback              text32       0027BC
__end_of_I2C1_SetBuffer                           text31       002722
__end_of_I2C1_SetCallback                         text33       0020B8
__end_of_I2C1_SetDataCompleteCallback             text30       0027A0
__end_of_I2C1_SetInterruptHandler                 text35       0028A6
__end_of_INTERRUPT_Initialize                     text18       00295E
__end_of_INTERRUPT_InterruptManager               intcode      000140
__end_of_MB85RC256V_I2C_ADDR                      smallconst   000F50
__end_of_OSCILLATOR_Initialize                    text17       00280A
__end_of_PIN_MANAGER_Initialize                   text16       002034
__end_of_PMD_Initialize                           text15       002784
__end_of_SYSTEM_Initialize                        text14       0027F2
__end_of___aodiv                                  text13       0015AE
__end_of___aomod                                  text12       001888
__end_of__initialization                          cinit        00239C
__end_of_abs                                      text11       002548
__end_of_dtoa                                     text4        001258
__end_of_fputc                                    text8        001E8C
__end_of_fputs                                    text7        00243A
__end_of_fsmStateTable                            smallconst   000F31
__end_of_main                                     text0        001990
__end_of_memcpy                                   text28       0023F6
__end_of_memset                                   text27       001724
__end_of_pad                                      text5        001A58
__end_of_printf                                   text1        0026D4
__end_of_putch                                    text9        0028D4
__end_of_rd1RegCompleteHandler                    text76       00261E
__end_of_rd1RegCompleteHandler@MB85RC256V$F1625   text72       0025EE
__end_of_rdBlkRegCompleteHandler                  text77       0024C2
__end_of_rdBlkRegCompleteHandler@MB85RC256V$F1619 text73       00247E
__end_of_strlen                                   text6        0025BE
__end_of_uart                                     smallconst   000F4F
__end_of_vfpfcnvrt                                text3        001424
__end_of_vfprintf                                 text2        0022F8
__end_of_wr1RegCompleteHandler                    text78       00264E
__end_of_wr1RegCompleteHandler@MB85RC256V$F1610   text79       00267E
__end_ofi2_I2C1_MasterClearIrq                    text48       002942
__end_ofi2_I2C1_SetBuffer                         text82       002746
__end_ofi2_I2C1_SetCallback                       text81       00213C
__end_ofi2_I2C1_SetDataCompleteCallback           text80       0027D8
__initialization                                  cinit        002350
__mediumconst                                     mediumconst  000000
__pbssBANK0                                       bssBANK0     000060
__pbssBANK2                                       bssBANK2     000200
__pbssBANK3                                       bssBANK3     000300
__pbssBIGRAM                                      bssBIGRAM    000500
__pbssCOMRAM                                      bssCOMRAM    00002E
__pcinit                                          cinit        002350
__pcstackBANK0                                    cstackBANK0  0000AA
__pcstackBANK1                                    cstackBANK1  000100
__pcstackBANK4                                    cstackBANK4  000400
__pcstackCOMRAM                                   cstackCOMRAM 000001
__pintcode                                        intcode      000008
__pnvBANK0                                        nvBANK0      0000F1
__pnvCOMRAM                                       nvCOMRAM     000045
__psmallconst                                     smallconst   000F00
__ptext0                                          text0        001888
__ptext1                                          text1        0026AA
__ptext10                                         text10       0022F8
__ptext11                                         text11       002506
__ptext12                                         text12       001724
__ptext13                                         text13       001424
__ptext14                                         text14       0027D8
__ptext15                                         text15       002768
__ptext16                                         text16       001FAA
__ptext17                                         text17       0027F2
__ptext18                                         text18       00295A
__ptext19                                         text19       00280A
__ptext2                                          text2        002292
__ptext20                                         text20       001E8C
__ptext21                                         text21       002852
__ptext22                                         text22       002860
__ptext23                                         text23       00286E
__ptext24                                         text24       00287C
__ptext25                                         text25       00288A
__ptext26                                         text26       001C9C
__ptext27                                         text27       0015AE
__ptext28                                         text28       0023A6
__ptext29                                         text29       001F1C
__ptext3                                          text3        001258
__ptext30                                         text30       002784
__ptext31                                         text31       0026FE
__ptext32                                         text32       0027A0
__ptext33                                         text33       002034
__ptext34                                         text34       001BE6
__ptext35                                         text35       002898
__ptext36                                         text36       002746
__ptext37                                         text37       002924
__ptext38                                         text38       0028D4
__ptext39                                         text39       002548
__ptext4                                          text4        000F74
__ptext40                                         text40       00295E
__ptext41                                         text41       00267E
__ptext42                                         text42       00292A
__ptext43                                         text43       002962
__ptext44                                         text44       002930
__ptext46                                         text46       002936
__ptext47                                         text47       0021BA
__ptext48                                         text48       00293C
__ptext49                                         text49       002226
__ptext5                                          text5        001990
__ptext50                                         text50       0028A6
__ptext51                                         text51       0028DC
__ptext52                                         text52       0028E4
__ptext53                                         text53       0028EC
__ptext54                                         text54       0028F4
__ptext55                                         text55       0028FC
__ptext56                                         text56       002904
__ptext57                                         text57       00290C
__ptext58                                         text58       0028B2
__ptext59                                         text59       001D4E
__ptext6                                          text6        002588
__ptext60                                         text60       001A58
__ptext61                                         text61       002832
__ptext62                                         text62       002842
__ptext63                                         text63       0028BE
__ptext64                                         text64       00213C
__ptext65                                         text65       002942
__ptext66                                         text66       00281E
__ptext67                                         text67       002914
__ptext68                                         text68       002948
__ptext69                                         text69       002966
__ptext7                                          text7        0023F6
__ptext70                                         text70       00294E
__ptext71                                         text71       00296A
__ptext72                                         text72       0025BE
__ptext73                                         text73       00243A
__ptext74                                         text74       00296E
__ptext75                                         text75       002972
__ptext76                                         text76       0025EE
__ptext77                                         text77       00247E
__ptext78                                         text78       00261E
__ptext79                                         text79       00264E
__ptext8                                          text8        001DF6
__ptext80                                         text80       0027BC
__ptext81                                         text81       0020B8
__ptext82                                         text82       002722
__ptext83                                         text83       002976
__ptext84                                         text84       00297A
__ptext85                                         text85       0024C2
__ptext86                                         text86       001B20
__ptext87                                         text87       00291C
__ptext88                                         text88       00297E
__ptext89                                         text89       002954
__ptext9                                          text9        0028CA
__ptext90                                         text90       0026D4
__ptext91                                         text91       000000
__ramtop                                          ramtop       000F00
__smallconst                                      smallconst   000F00
_abs                                              text11       002506
_dbuf                                             bssBANK2     000200
_dtoa                                             text4        000F74
_dtoa$2297                                        cstackBANK0  0000C6
_errno                                            bssCOMRAM    000039
_eusart2RxBuffer                                  bssBANK0     000092
_eusart2RxCount                                   bssCOMRAM    000040
_eusart2RxHead                                    bssCOMRAM    000042
_eusart2RxLastError                               bssCOMRAM    00003F
_eusart2RxStatusBuffer                            bssBANK0     00008A
_eusart2RxTail                                    bssCOMRAM    000041
_eusart2TxBuffer                                  bssBANK0     00009A
_eusart2TxBufferRemaining                         nvCOMRAM     000045
_eusart2TxHead                                    bssCOMRAM    000044
_eusart2TxTail                                    bssCOMRAM    000043
_flags                                            bssCOMRAM    000035
_fputc                                            text8        001DF6
_fputs                                            text7        0023F6
_fsmStateTable                                    smallconst   000F01
_main                                             text0        001888
_memcpy                                           text28       0023A6
_memset                                           text27       0015AE
_nout                                             bssBANK0     0000A6
_pad                                              text5        001990
_prec                                             bssCOMRAM    000033
_printf                                           text1        0026AA
_putch                                            text9        0028CA
_rd1RegCompleteHandler                            text76       0025EE
_rd1RegCompleteHandler@MB85RC256V$F1625           text72       0025BE
_rdBlkRegCompleteHandler                          text77       00247E
_rdBlkRegCompleteHandler@MB85RC256V$F1619         text73       00243A
_seqReadBuffer                                    bssBANK3     000300
_seqWriteBuffer                                   bssBIGRAM    000500
_strlen                                           text6        002588
_uart                                             smallconst   000F31
_vfpfcnvrt                                        text3        001258
_vfprintf                                         text2        002292
_width                                            bssCOMRAM    000031
_wr1RegCompleteHandler                            text78       00261E
_wr1RegCompleteHandler@MB85RC256V$F1610           text79       00264E
abs@a                                             cstackCOMRAM 00002C
btemp                                             temp         000046
dtoa@d                                            cstackBANK0  0000B6
dtoa@fp                                           cstackBANK0  0000B4
dtoa@i                                            cstackBANK0  0000D6
dtoa@n                                            cstackBANK0  0000CE
dtoa@p                                            cstackBANK0  0000C8
dtoa@s                                            cstackBANK0  0000CC
dtoa@w                                            cstackBANK0  0000CA
end_of_initialization                             cinit        00239C
fputc@c                                           cstackCOMRAM 00001C
fputc@fp                                          cstackCOMRAM 00001E
fputs@c                                           cstackCOMRAM 000029
fputs@fp                                          cstackCOMRAM 000027
fputs@i                                           cstackCOMRAM 00002A
fputs@s                                           cstackCOMRAM 000025
i2I2C1_SetBuffer@buffer                           cstackCOMRAM 000001
i2I2C1_SetBuffer@bufferSize                       cstackCOMRAM 000003
i2I2C1_SetCallback@cb                             cstackCOMRAM 000001
i2I2C1_SetCallback@idx                            cstackCOMRAM 000006
i2I2C1_SetCallback@ptr                            cstackCOMRAM 000004
i2I2C1_SetDataCompleteCallback@cb                 cstackCOMRAM 000007
i2I2C1_SetDataCompleteCallback@ptr                cstackCOMRAM 00000A
i2_I2C1_MasterClearIrq                            text48       00293C
i2_I2C1_SetBuffer                                 text82       002722
i2_I2C1_SetCallback                               text81       0020B8
i2_I2C1_SetDataCompleteCallback                   text80       0027BC
int$flags                                         temp         000046
intlevel0                                         text         000000
intlevel1                                         text         000000
intlevel2                                         text         000000
intlevel3                                         text         000000
isa$std                                           (abs)        000001
isa$xinst                                         (abs)        000000
main@framDataArray                                cstackBANK4  000400
main@i                                            cstackBANK1  000108
main@i_1586                                       cstackBANK1  000106
malloc@cur                                        bssCOMRAM    00003D
malloc@end                                        bssCOMRAM    00003B
malloc@lock                                       bssBANK0     0000A2
memcpy@d                                          cstackCOMRAM 000021
memcpy@d1                                         cstackCOMRAM 00001A
memcpy@n                                          cstackCOMRAM 00001E
memcpy@s                                          cstackCOMRAM 000023
memcpy@s1                                         cstackCOMRAM 00001C
memcpy@tmp                                        cstackCOMRAM 000020
memset@c                                          cstackCOMRAM 00001C
memset@dest                                       cstackCOMRAM 00001A
memset@k                                          cstackCOMRAM 000022
memset@n                                          cstackCOMRAM 00001E
memset@s                                          cstackCOMRAM 000024
pad@buf                                           cstackBANK0  0000AC
pad@fp                                            cstackBANK0  0000AA
pad@i                                             cstackBANK0  0000B0
pad@p                                             cstackBANK0  0000AE
pad@w                                             cstackBANK0  0000B2
printf@ap                                         cstackBANK1  000104
printf@fmt                                        cstackBANK1  000100
putch@txData                                      cstackCOMRAM 00001B
rd1RegCompleteHandler@MB85RC256V$F1625@ptr        cstackCOMRAM 00000C
rd1RegCompleteHandler@ptr                         cstackCOMRAM 00000C
rdBlkRegCompleteHandler@MB85RC256V$F1619@ptr      cstackCOMRAM 00000C
rdBlkRegCompleteHandler@ptr                       cstackCOMRAM 00000C
stackhi                                           (abs)        000000
stacklo                                           (abs)        000000
start                                             init         000140
start_initialization                              cinit        002350
strlen@a                                          cstackCOMRAM 00001C
strlen@s                                          cstackCOMRAM 00001A
ttemp5                                            temp         000047
ttemp6                                            temp         00004A
ttemp7                                            temp         00004E
vfpfcnvrt@ap                                      cstackBANK0  0000DC
vfpfcnvrt@fmt                                     cstackBANK0  0000DA
vfpfcnvrt@fp                                      cstackBANK0  0000D8
vfpfcnvrt@ll                                      cstackBANK0  0000E0
vfprintf@ap                                       cstackBANK0  0000EC
vfprintf@cfmt                                     cstackBANK0  0000EE
vfprintf@fmt                                      cstackBANK0  0000EA
vfprintf@fp                                       cstackBANK0  0000E8
wr1RegCompleteHandler@MB85RC256V$F1610@ptr        cstackCOMRAM 00000C
wr1RegCompleteHandler@ptr                         cstackCOMRAM 00000C
wtemp8                                            temp         000047


MODULE INFORMATION

Module		Function		Class		Link	Load	Size
mcc_generated_files/examples/i2c1_master_example.c
		_wr1RegCompleteHandler		CODE           	261E	0000	48
		_rdBlkRegCompleteHandler		CODE           	247E	0000	68
		_rd1RegCompleteHandler		CODE           	25EE	0000	48

mcc_generated_files/examples/i2c1_master_example.c estimated size: 164

C:\Program Files\Microchip\xc8\v2.36\pic\sources\c99\common\nf_fputs.c
		_fputs         		CODE           	23F6	0000	68

C:\Program Files\Microchip\xc8\v2.36\pic\sources\c99\common\nf_fputs.c estimated size: 68

C:\Program Files\Microchip\xc8\v2.36\pic\sources\c99\common\printf.c
		_printf        		CODE           	26AA	0000	42

C:\Program Files\Microchip\xc8\v2.36\pic\sources\c99\common\printf.c estimated size: 42

C:\Program Files\Microchip\xc8\v2.36\pic\sources\c99\common\aomod.c
		___aomod       		CODE           	1724	0000	356

C:\Program Files\Microchip\xc8\v2.36\pic\sources\c99\common\aomod.c estimated size: 356

mcc_generated_files/eusart2.c
		_putch         		CODE           	28CA	0000	10
		_EUSART2_SetOverrunErrorHandler		CODE           	286E	0000	14
		_EUSART2_SetErrorHandler		CODE           	288A	0000	14
		_EUSART2_Write 		CODE           	22F8	0000	88
		_EUSART2_Receive_ISR		CODE           	1B20	0000	198
		_EUSART2_RxDataHandler		CODE           	26D4	0000	42
		_EUSART2_DefaultOverrunErrorHandler		CODE           	291C	0000	8
		_EUSART2_Transmit_ISR		CODE           	24C2	0000	68
		_EUSART2_DefaultFramingErrorHandler		CODE           	297E	0000	2
		_EUSART2_SetRxInterruptHandler		CODE           	2860	0000	14
		_EUSART2_SetTxInterruptHandler		CODE           	2852	0000	14
		_EUSART2_Initialize		CODE           	1E8C	0000	144
		_EUSART2_DefaultErrorHandler		CODE           	2954	0000	6
		_EUSART2_SetFramingErrorHandler		CODE           	287C	0000	14

mcc_generated_files/eusart2.c estimated size: 636

mcc_generated_files/i2c1_master.c
		_I2C1_DO_SEND_RESTART		CODE           	28FC	0000	8
		_I2C1_DO_TX_EMPTY		CODE           	213C	0000	126
		_I2C1_DO_SEND_RESTART_READ		CODE           	290C	0000	8
		_I2C1_CallbackReturnStop		CODE           	2972	0000	4
		_I2C1_DO_RX    		CODE           	1D4E	0000	168
		_I2C1_DO_TX    		CODE           	1A58	0000	200
		_I2C1_SetAddressNackCallback		CODE           	27A0	0000	28
		_I2C1_DO_IDLE  		CODE           	28BE	0000	12
		_I2C1_MasterOpen		CODE           	2746	0000	34
		_I2C1_DO_RCEN  		CODE           	28B2	0000	12
		_I2C1_MasterSendTxData		CODE           	2914	0000	8
		_I2C1_MasterStop		CODE           	2976	0000	4
		_I2C1_CallbackReturnReset		CODE           	296E	0000	4
		_I2C1_DO_RESET 		CODE           	28A6	0000	12
		_I2C1_MasterStartRx		CODE           	296A	0000	4
		_I2C1_DO_RX_ACK		CODE           	28EC	0000	8
		_I2C1_MasterSendNack		CODE           	294E	0000	6
		_I2C1_DO_RX_NACK_RESTART		CODE           	28DC	0000	8
		_I2C1_MasterDisableIrq		CODE           	292A	0000	6
		_I2C1_MasterOperation		CODE           	2548	0000	64
		_I2C1_SetCallback		CODE           	2034	0000	132
		_I2C1_MasterEnableRestart		CODE           	297A	0000	4
		_I2C1_Open     		CODE           	1BE6	0000	182
		_I2C1_DO_ADDRESS_NACK		CODE           	2226	0000	108
		_I2C1_SetBuffer		CODE           	26FE	0000	36
		_I2C1_DO_SEND_RESTART_WRITE		CODE           	2904	0000	8
		_I2C1_MasterClose		CODE           	2962	0000	4
		_I2C1_MasterWrite		CODE           	28D4	0000	8
		_I2C1_Initialize		CODE           	280A	0000	20
		_I2C1_Close    		CODE           	267E	0000	44
		_I2C1_MasterIsNack		CODE           	281E	0000	20
		_I2C1_MasterStart		CODE           	295E	0000	4
		_I2C1_DO_SEND_ADR_WRITE		CODE           	2832	0000	16
		_I2C1_MasterClearIrq		CODE           	2930	0000	6
		_I2C1_SetDataCompleteCallback		CODE           	2784	0000	28
		_I2C1_DO_SEND_STOP		CODE           	28F4	0000	8
		_I2C1_MasterSendAck		CODE           	2948	0000	6
		_I2C1_MasterFsm		CODE           	21BA	0000	108
		_I2C1_MasterIsr		CODE           	2936	0000	6
		_I2C1_MasterGetRxData		CODE           	2966	0000	4
		_I2C1_SetInterruptHandler		CODE           	2898	0000	14
		_I2C1_MasterSetIrq		CODE           	2942	0000	6
		_I2C1_DO_SEND_ADR_READ		CODE           	2842	0000	16
		_I2C1_MasterEnableIrq		CODE           	2924	0000	6
		_I2C1_DO_RX_NACK_STOP		CODE           	28E4	0000	8

mcc_generated_files/i2c1_master.c estimated size: 1526

mcc_generated_files/interrupt_manager.c
		_INTERRUPT_Initialize		CODE           	295A	0000	4
		_INTERRUPT_InterruptManager		CODE           	0008	0000	312

mcc_generated_files/interrupt_manager.c estimated size: 316

mcc_generated_files/pin_manager.c
		_PIN_MANAGER_Initialize		CODE           	1FAA	0000	138

mcc_generated_files/pin_manager.c estimated size: 138

C:\Program Files\Microchip\xc8\v2.36\pic\sources\c99\common\strlen.c
		_strlen        		CODE           	2588	0000	54

C:\Program Files\Microchip\xc8\v2.36\pic\sources\c99\common\strlen.c estimated size: 54

C:\Program Files\Microchip\xc8\v2.36\pic\sources\c99\common\aodiv.c
		___aodiv       		CODE           	1424	0000	394

C:\Program Files\Microchip\xc8\v2.36\pic\sources\c99\common\aodiv.c estimated size: 394

C:\Program Files\Microchip\xc8\v2.36\pic\sources\c99\common\memset.c
		_memset        		CODE           	15AE	0000	374

C:\Program Files\Microchip\xc8\v2.36\pic\sources\c99\common\memset.c estimated size: 374

C:\Program Files\Microchip\xc8\v2.36\pic\sources\c99\common\nf_fputc.c
		_fputc         		CODE           	1DF6	0000	150

C:\Program Files\Microchip\xc8\v2.36\pic\sources\c99\common\nf_fputc.c estimated size: 150

C:\Program Files\Microchip\xc8\v2.36\pic\sources\c99\common\doprnt.c
		_vfpfcnvrt     		CODE           	1258	0000	460
		_pad           		CODE           	1990	0000	200
		_dtoa          		CODE           	0F74	0000	740
		_vfprintf      		CODE           	2292	0000	102

C:\Program Files\Microchip\xc8\v2.36\pic\sources\c99\common\doprnt.c estimated size: 1502

shared
		i2_I2C1_SetBuffer		CODE           	2722	0000	36
		_uart          		SMALLCONST     	0F31	0000	30
		i2_I2C1_SetCallback		CODE           	20B8	0000	132
		_MB85RC256V_I2C_ADDR		SMALLCONST     	0000	0000	0
		__initialization		CODE           	2350	0000	76
		_FRAM_ADDRESS  		SMALLCONST     	0000	0000	0
		_fsmStateTable 		SMALLCONST     	0F01	0000	48
		i2_I2C1_MasterClearIrq		CODE           	293C	0000	6
		i2_I2C1_SetDataCompleteCallback		CODE           	27BC	0000	28

shared estimated size: 356

mcc_generated_files/mcc.c
		_PMD_Initialize		CODE           	2768	0000	28
		_OSCILLATOR_Initialize		CODE           	27F2	0000	24
		_SYSTEM_Initialize		CODE           	27D8	0000	26

mcc_generated_files/mcc.c estimated size: 78

C:\Program Files\Microchip\xc8\v2.36\pic\sources\c99\common\abs.c
		_abs           		CODE           	2506	0000	66

C:\Program Files\Microchip\xc8\v2.36\pic\sources\c99\common\abs.c estimated size: 66

C:\Program Files\Microchip\xc8\v2.36\pic\sources\c99\common\memcpy.c
		_memcpy        		CODE           	23A6	0000	80

C:\Program Files\Microchip\xc8\v2.36\pic\sources\c99\common\memcpy.c estimated size: 80

MB85RC256V.c
		_rdBlkRegCompleteHandler@MB85RC256V$F1619		CODE           	243A	0000	68
		_wr1RegCompleteHandler@MB85RC256V$F1610		CODE           	264E	0000	48
		_FRAM_ReadNBytes		CODE           	1F1C	0000	142
		_FRAM_WriteNBytes		CODE           	1C9C	0000	178
		_rd1RegCompleteHandler@MB85RC256V$F1625		CODE           	25BE	0000	48

MB85RC256V.c estimated size: 484

main.c
		_main          		CODE           	1888	0000	264

main.c estimated size: 264

